// Jest Snapshot v1, https://goo.gl/fbAQLP

exports[`renders snapshot correctly 1`] = `
<View
  onLayout={[Function]}
>
  <Image
    onError={[Function]}
    source={
      Object {
        "uri": "http://example.com/image.jpg",
      }
    }
    style={
      Object {
        "height": 0,
        "width": 0,
      }
    }
  />
</View>
`;
