// Jest Snapshot v1, https://goo.gl/fbAQLP

exports[`renders correctly 1`] = `
<RNTBrightcove
  accountId={undefined}
  onChange={[Function]}
  policyId={undefined}
  style={
    Object {
      "height": "100%",
      "width": "100%",
    }
  }
  videoId={undefined}
/>
`;
