// Jest Snapshot v1, https://goo.gl/fbAQLP

exports[`brightcove-video web component renders correctly 1`] = `
<View>
  <video
    className="video-js"
    controls={true}
    data-account={undefined}
    data-application-id={true}
    data-embed="default"
    data-player="default"
    data-video-id={undefined}
    height={180}
    id="undefined-undefined-0"
    width={320}
  />
</View>
`;
